initialize mtex-6.1.1  ... done!
I found another version of MTEX and remove it from the current search path!
initialize mtex-6.1.1  ... done!
FIG7_TEXTURE ODF sample=7d reduction=0.00%
FIG7_TEXTURE ODF sample=6.48d reduction=14.31%
FIG7_TEXTURE ODF sample=6.02d reduction=26.04%
FIG7_TEXTURE ODF sample=5.6d reduction=36.00%
FIG7_TEXTURE ODF sample=5.25d reduction=43.75%
FIG7_TEXTURE ODF sample=5d reduction=48.98%
FIG7_TEXTURE common PF max=7.00 MRD; IPF max=7.00 MRD
FIG7_TEXTURE validation passed: 6 state figures + 1 montage.
    sample     diameter_mm    cold_reduction_percent    variant                                                           input_path                                                            valid_ti_hex_orientation_count    kernel_halfwidth_deg    plot_resolution_deg    pf_auto_maximum_mrd    ipf_auto_maximum_mrd    global_pf_color_maximum_mrd    global_ipf_color_maximum_mrd    coordinate_x    coordinate_y    coordinate_z                                                                     output_file                                                                  
    _______    ___________    ______________________    _______    _________________________________________________________________________________________________________________________    ______________________________    ____________________    ___________________    ___________________    ____________________    ___________________________    ____________________________    ____________    ____________    ____________    ______________________________________________________________________________________________________________________________________________

    "7d"             7                    0              "raw"     "C:\Users\Admin\Desktop\GithubRepo\work_hardening_paper\data\ebsd_kpl_250221_7_df\scans\d7\ebsd_sample_7_map_15.ctf"                    3.582e+05                       5                       5                   6.7417                  5.0865                        7                              7                      "AD"          "TD/RD"           "ND"        "C:\Users\Admin\Desktop\GithubRepo\work_hardening_paper\results\mtex_fig7_texture_gallery\01_state_figures\7p00mm_0p00pct_pf_ipf_texture.png" 
    "6.48d"       6.48                14.31              "raw"     "C:\Users\Admin\Desktop\GithubRepo\work_hardening_paper\data\ebsd_kpl_250221_7_df\scans\d6_48\ebsd_sample_648_map_13.ctf"              3.5044e+05                       5                       5                   5.3057                  5.0133                        7                              7                      "AD"          "TD/RD"           "ND"        "C:\Users\Admin\Desktop\GithubRepo\work_hardening_paper\results\mtex_fig7_texture_gallery\01_state_figures\6p48mm_14p31pct_pf_ipf_texture.png"
    "6.02d"       6.02                26.04              "raw"     "C:\Users\Admin\Desktop\GithubRepo\work_hardening_paper\data\ebsd_kpl_250221_7_df\scans\d6_02\ebsd_sample_602_map_11.ctf"              3.5527e+05                       5                       5                   4.8361                  4.1665                        7                              7                      "AD"          "TD/RD"           "ND"        "C:\Users\Admin\Desktop\GithubRepo\work_hardening_paper\results\mtex_fig7_texture_gallery\01_state_figures\6p02mm_26p04pct_pf_ipf_texture.png"
    "5.6d"         5.6                   36              "raw"     "C:\Users\Admin\Desktop\GithubRepo\work_hardening_paper\data\ebsd_kpl_250221_7_df\scans\d5_6\ebsd_sample_56_map_9.ctf"                 3.3539e+05                       5                       5                   5.5237                  5.5237                        7                              7                      "AD"          "TD/RD"           "ND"        "C:\Users\Admin\Desktop\GithubRepo\work_hardening_paper\results\mtex_fig7_texture_gallery\01_state_figures\5p60mm_36p00pct_pf_ipf_texture.png"
    "5.25d"       5.25                43.75              "raw"     "C:\Users\Admin\Desktop\GithubRepo\work_hardening_paper\data\ebsd_kpl_250221_7_df\scans\d5_25\ebsd_sample_525_map_7.ctf"               3.1722e+05                       5                       5                    6.381                   6.381                        7                              7                      "AD"          "TD/RD"           "ND"        "C:\Users\Admin\Desktop\GithubRepo\work_hardening_paper\results\mtex_fig7_texture_gallery\01_state_figures\5p25mm_43p75pct_pf_ipf_texture.png"
    "5d"             5                48.98              "raw"     "C:\Users\Admin\Desktop\GithubRepo\work_hardening_paper\data\ebsd_kpl_250221_7_df\scans\d5\ebsd_sample_5_map_3.ctf"                     3.281e+05                       5                       5                   5.8914                  5.8914                        7                              7                      "AD"          "TD/RD"           "ND"        "C:\Users\Admin\Desktop\GithubRepo\work_hardening_paper\results\mtex_fig7_texture_gallery\01_state_figures\5p00mm_48p98pct_pf_ipf_texture.png"

FIG7_TEXTURE_FINAL_EXPORT_COMPLETE
